2026-02-09 14:04:34,002 - INFO - [User: 112233445566778899001120] [Action: CHECK_OUT] [Target: 000000000000000000000000] - Details: Assigned to user: 112233445566778899001120
2026-02-09 14:04:34,286 - INFO - [User: 112233445566778899001120] [Action: CHECK_IN] [Target: 000000000000000000000000] - Details: Item returned in good condition
2026-02-09 14:04:42,702 - INFO - [User: 698a2fca6d344feadfd8d787] [Action: ADD_USER] - Details: Added new user: user@gmail.com (ID: 698a2fca6d344feadfd8d788)
2026-02-09 14:04:45,322 - INFO - [User: 112233445566778899001121] [Action: DELETE_USER] - Details: 112233445566778899001120 is deleted
2026-02-09 14:28:20,302 - INFO - [User: 112233445566778899001120] [Action: CHECK_OUT] [Target: 000000000000000000000000] - Details: Assigned to user: 112233445566778899001120
2026-02-09 14:28:20,550 - INFO - [User: 112233445566778899001120] [Action: CHECK_IN] [Target: 000000000000000000000000] - Details: Item returned in good condition
2026-02-09 14:28:32,505 - INFO - [User: 698a35608b8ab67c0d125708] [Action: ADD_USER] - Details: Added new user: user@gmail.com (ID: 698a35608b8ab67c0d125709)
2026-02-09 14:28:36,272 - INFO - [User: 112233445566778899001121] [Action: DELETE_USER] - Details: 112233445566778899001120 is deleted
2026-02-09 14:29:29,539 - INFO - [User: 112233445566778899001120] [Action: CHECK_OUT] [Target: 000000000000000000000000] - Details: Assigned to user: 112233445566778899001120
2026-02-09 14:29:29,786 - INFO - [User: 112233445566778899001120] [Action: CHECK_IN] [Target: 000000000000000000000000] - Details: Item returned in good condition
2026-02-09 14:29:37,845 - INFO - [User: 698a35a14e9b90ab05203627] [Action: ADD_USER] - Details: Added new user: user@gmail.com (ID: 698a35a14e9b90ab05203628)
2026-02-09 14:29:40,352 - INFO - [User: 112233445566778899001121] [Action: DELETE_USER] - Details: 112233445566778899001120 is deleted
