2026-02-06 10:26:25,474 - INFO - [User: 112233445566778899001120] [Action: CHECK_OUT] [Target: 000000000000000000000000] - Details: Assigned to user: 112233445566778899001120
2026-02-06 10:26:25,912 - INFO - [User: 112233445566778899001120] [Action: CHECK_IN] [Target: 000000000000000000000000] - Details: Item returned in good condition
2026-02-06 10:26:39,678 - INFO - [User: 112233445566778899001121] [Action: DELETE_USER] - Details: 112233445566778899001120 is deleted
2026-02-06 10:34:32,933 - INFO - [User: 112233445566778899001120] [Action: CHECK_OUT] [Target: 000000000000000000000000] - Details: Assigned to user: 112233445566778899001120
2026-02-06 10:34:33,273 - INFO - [User: 112233445566778899001120] [Action: CHECK_IN] [Target: 000000000000000000000000] - Details: Item returned in good condition
2026-02-06 10:34:44,374 - INFO - [User: 69860a14b8898bd4ffad6628] [Action: ADD_USER] - Details: Added new user: user@gmail.com (ID: 69860a14b8898bd4ffad6629)
2026-02-06 10:34:47,786 - INFO - [User: 112233445566778899001121] [Action: DELETE_USER] - Details: 112233445566778899001120 is deleted
2026-02-09 14:22:46,118 - INFO - [User: 112233445566778899001120] [Action: CHECK_OUT] [Target: 000000000000000000000000] - Details: Assigned to user: 112233445566778899001120
2026-02-09 14:22:46,357 - INFO - [User: 112233445566778899001120] [Action: CHECK_IN] [Target: 000000000000000000000000] - Details: Item returned in good condition
2026-02-09 14:22:54,743 - INFO - [User: 698a340ef48db95a4dbe825a] [Action: ADD_USER] - Details: Added new user: user@gmail.com (ID: 698a340ef48db95a4dbe825b)
2026-02-09 14:22:57,321 - INFO - [User: 112233445566778899001121] [Action: DELETE_USER] - Details: 112233445566778899001120 is deleted
2026-02-09 14:25:55,592 - INFO - [User: 112233445566778899001120] [Action: CHECK_OUT] [Target: 000000000000000000000000] - Details: Assigned to user: 112233445566778899001120
2026-02-09 14:25:55,829 - INFO - [User: 112233445566778899001120] [Action: CHECK_IN] [Target: 000000000000000000000000] - Details: Item returned in good condition
2026-02-09 14:26:03,843 - INFO - [User: 698a34cbe91397004696b2f3] [Action: ADD_USER] - Details: Added new user: user@gmail.com (ID: 698a34cbe91397004696b2f4)
2026-02-09 14:26:06,319 - INFO - [User: 112233445566778899001121] [Action: DELETE_USER] - Details: 112233445566778899001120 is deleted
